# AEM 2022.7.8085.20220725T140323Z
/,PUBLIC
/libs/clientlibs/ckeditor,INTERNAL
/libs/clientlibs/granite,INTERNAL
/libs/clientlibs/granite/coralui2keys,INTERNAL
/libs/clientlibs/granite/datavisualization,FINAL
/libs/core/wcm/components/form/container/v1/container/new,INTERNAL_DEPRECATED_ANNOTATION,"Deprecated since Core Components 2.8.0: The Core Form Container now uses the responsive grid new component by default, overriding this in a proxy will not have an effect."
/libs/core/wcm/components/form/container/v2/container/new,INTERNAL_DEPRECATED_ANNOTATION,"Deprecated since Core Components 2.8.0: The Core Form Container now uses the responsive grid new component by default, overriding this in a proxy will not have an effect."
/libs/core/wcm/components/sharing/v1/sharing,INTERNAL_DEPRECATED_ANNOTATION,Deprecated since Core Components 2.18.0: Should not be used in new projects
/libs/cq/Page/campaign,INTERNAL
/libs/cq/address,PUBLIC
/libs/cq/address/components/addressbook,INTERNAL_DEPRECATED_ANNOTATION,Deprecated since 6.4: Should not be used in new projects
/libs/cq/analytics/clientlibs/sitecatalyst/appmeasurement,FINAL
/libs/cq/analytics/clientlibs/sitecatalyst/plugins,FINAL
/libs/cq/analytics/clientlibs/sitecatalyst/sitecatalyst,FINAL
/libs/cq/analytics/clientlibs/sitecatalyst/tracking,FINAL
/libs/cq/analytics/clientlibs/sitecatalyst/util,FINAL
/libs/cq/analytics/components/cbframework,FINAL
/libs/cq/analytics/components/childrenlinks,FINAL
/libs/cq/analytics/components/framework,FINAL
/libs/cq/analytics/components/mappings,INTERNAL
/libs/cq/analytics/components/saintclassificationpage,FINAL
/libs/cq/analytics/components/sitecatalyst,FINAL
/libs/cq/analytics/components/sitecatalystpage,FINAL
/libs/cq/analytics/components/testandtarget,FINAL
/libs/cq/analytics/components/testandtargetpage,FINAL
/libs/cq/analytics/templates/framework,FINAL
/libs/cq/analytics/templates/saint-classification,FINAL
/libs/cq/analytics/templates/sitecatalyst,FINAL
/libs/cq/analytics/templates/testandtarget,FINAL
/libs/cq/analytics/templates/tntframework,FINAL
/libs/cq/analytics/widgets,INTERNAL
/libs/cq/analyticsconnector,INTERNAL
/libs/cq/analyticsconnector/content,PUBLIC
/libs/cq/azurestorage,INTERNAL
/libs/cq/azurestorage/content,PUBLIC
/libs/cq/brightedge,INTERNAL
/libs/cq/brightedge/content,PUBLIC
/libs/cq/cloudconfig/components/admin/configpathbrowser,FINAL
/libs/cq/cloudconfig/components/admin/references,FINAL
/libs/cq/cloudconfig/components/scripttags/footer,FINAL
/libs/cq/cloudconfig/components/scripttags/header,FINAL
/libs/cq/cloudconfig/content,INTERNAL
/libs/cq/cloudserviceconfigs/components/childlist,FINAL
/libs/cq/cloudserviceconfigs/components/configurations,FINAL
/libs/cq/cloudserviceconfigs/components/servicecomponents,FINAL
/libs/cq/cloudserviceconfigs/components/servicelibs,FINAL
/libs/cq/cloudserviceconfigs/components/servicepage,FINAL
/libs/cq/cloudserviceconfigs/components/services,FINAL
/libs/cq/cloudserviceconfigs/components/trail,FINAL
/libs/cq/cloudserviceconfigs/templates/servicepage,FINAL
/libs/cq/cloudserviceconfigs/widgets,INTERNAL
/libs/cq/cloudservicesprovisioning,INTERNAL
/libs/cq/compat,INTERNAL
/libs/cq/contentinsight/clientlibs/admin,FINAL
/libs/cq/contentinsight/clientlibs/cloudconfig,FINAL
/libs/cq/contentinsight/clientlibs/contentinsight,FINAL
/libs/cq/contentinsight/clientlibs/editor,FINAL
/libs/cq/contentinsight/clientlibs/wsse,FINAL
/libs/cq/contentinsight/components/brightedge-cloudservice-config,FINAL
/libs/cq/contentinsight/components/cards/targets,FINAL
/libs/cq/contentinsight/components/coral,FINAL
/libs/cq/contentinsight/components/pageversionsdatasource,FINAL
/libs/cq/contentinsight/content/createtask,INTERNAL
/libs/cq/contentinsight/content/providersettings,INTERNAL
/libs/cq/contentinsight/content/proxy,INTERNAL
/libs/cq/contentinsight/content/reportimporter,INTERNAL
/libs/cq/contentinsight/install,INTERNAL
/libs/cq/contentinsight/templates/brightedge-cloudservice-config,FINAL
/libs/cq/core/content/nav/tools/cloudservices/ups,INTERNAL
/libs/cq/core/content/projects/addtask,INTERNAL
/libs/cq/core/content/projects/calendarview,INTERNAL
/libs/cq/core/content/projects/commands,INTERNAL
/libs/cq/core/content/projects/dashboard/default,INTERNAL
/libs/cq/core/content/projects/dashboard/gadgets,INTERNAL
/libs/cq/core/content/projects/details,INTERNAL
/libs/cq/core/content/projects/dialogs,INTERNAL
/libs/cq/core/content/projects/gadgets,INTERNAL
/libs/cq/core/content/projects/masterprojects,INTERNAL
/libs/cq/core/content/projects/masterproperties,INTERNAL
/libs/cq/core/content/projects/properties,INTERNAL
/libs/cq/core/content/projects/showtasks,INTERNAL
/libs/cq/core/content/projects/showtasks/reviewtd,PUBLIC
/libs/cq/core/content/projects/showwork,INTERNAL
/libs/cq/core/content/projects/tasklist,INTERNAL
/libs/cq/core/content/projects/tasktypes/security,INTERNAL
/libs/cq/core/content/projects/teampage,INTERNAL
/libs/cq/core/content/projects/templatelist,INTERNAL
/libs/cq/core/content/projects/wizard,INTERNAL
/libs/cq/core/content/projects/workflowwizards/copyrequest,INTERNAL
/libs/cq/core/content/projects/workflowwizards/default_workflow,INTERNAL
/libs/cq/core/content/projects/workflowwizards/emailrequest,INTERNAL
/libs/cq/core/content/projects/workflowwizards/landingpagerequest,INTERNAL
/libs/cq/core/content/projects/workflowwizards/launchrequest,INTERNAL
/libs/cq/core/content/projects/workflowwizards/sample_team,INTERNAL
/libs/cq/core/content/projects/worklist,INTERNAL
/libs/cq/dashboards,INTERNAL
/libs/cq/dtm-reactor,INTERNAL
/libs/cq/experience-fragments/components/admin/clientlib,INTERNAL
/libs/cq/experience-fragments/components/admin/createxfwizard/page,FINAL
/libs/cq/experience-fragments/components/admin/editor,INTERNAL
/libs/cq/experience-fragments/components/admin/editor/clientlib,INTERNAL
/libs/cq/experience-fragments/components/admin/movepagewizard,INTERNAL
/libs/cq/experience-fragments/components/admin/previewvariation,INTERNAL
/libs/cq/experience-fragments/components/experiencefragment/clientlibs,FINAL
/libs/cq/experience-fragments/components/experiencefragment/references,FINAL
/libs/cq/experience-fragments/components/experiencefragment/smstatus,FINAL
/libs/cq/experience-fragments/components/experiencefragment/stats,FINAL
/libs/cq/experience-fragments/components/experiencefragment/template,INTERNAL
/libs/cq/experience-fragments/components/imagerenderer,FINAL
/libs/cq/experience-fragments/components/redirect,INTERNAL
/libs/cq/experience-fragments/content/commons/dataeraser,INTERNAL
/libs/cq/experience-fragments/content/commons/reference,INTERNAL
/libs/cq/experience-fragments/content/commons/socialstatuspredicate,FINAL
/libs/cq/experience-fragments/content/commons/templatepicker,FINAL
/libs/cq/experience-fragments/content/dialogs,FINAL
/libs/cq/experience-fragments/content/xffield,FINAL
/libs/cq/experience-fragments/editor/clientlibs,INTERNAL
/libs/cq/experience-fragments/editor/components/xffield,FINAL
/libs/cq/experience-fragments/webcomponent,INTERNAL
/libs/cq/experiencelog,INTERNAL
/libs/cq/flow,INTERNAL
/libs/cq/flow/widgets,INTERNAL
/libs/cq/graphql/sites/admin,INTERNAL
/libs/cq/graphql/sites/graphiql,INTERNAL
/libs/cq/gui/components/authoring/allowedcomponents,INTERNAL
/libs/cq/gui/components/authoring/annotationsbadge,INTERNAL
/libs/cq/gui/components/authoring/assetfinder,INTERNAL
/libs/cq/gui/components/authoring/compat,INTERNAL
/libs/cq/gui/components/authoring/componentbrowser,INTERNAL
/libs/cq/gui/components/authoring/componentinspector,INTERNAL
/libs/cq/gui/components/authoring/contentwrapper,INTERNAL
/libs/cq/gui/components/authoring/dnddefaultghost,INTERNAL
/libs/cq/gui/components/authoring/editorpanel,INTERNAL
/libs/cq/gui/components/authoring/editors,INTERNAL
/libs/cq/gui/components/authoring/emulatorbadge,INTERNAL
/libs/cq/gui/components/authoring/emulatorbar,INTERNAL
/libs/cq/gui/components/authoring/emulatordevicelist,INTERNAL
/libs/cq/gui/components/authoring/errorinspector,INTERNAL
/libs/cq/gui/components/authoring/headerbar,INTERNAL
/libs/cq/gui/components/authoring/navigationbutton,INTERNAL
/libs/cq/gui/components/authoring/onboarding,INTERNAL
/libs/cq/gui/components/authoring/overlaywrapper,INTERNAL
/libs/cq/gui/components/authoring/page,INTERNAL
/libs/cq/gui/components/authoring/pageinfo,INTERNAL
/libs/cq/gui/components/authoring/rte,INTERNAL
/libs/cq/gui/components/authoring/scaffolding,INTERNAL
/libs/cq/gui/components/authoring/searchfield,INTERNAL
/libs/cq/gui/components/authoring/sidepanel,INTERNAL
/libs/cq/gui/components/authoring/statusbar,INTERNAL
/libs/cq/gui/components/authoring/styleselector,INTERNAL
/libs/cq/gui/components/authoring/tour,INTERNAL
/libs/cq/gui/components/authoring/workflow,INTERNAL
/libs/cq/gui/components/common/admin/includefacets,INTERNAL
/libs/cq/gui/components/common/wcm/templatepicker,INTERNAL
/libs/cq/gui/components/projects,INTERNAL
/libs/cq/gui/components/projects/admin/pim,INTERNAL
/libs/cq/gui/components/projects/admin/pim/clientlibs,INTERNAL
/libs/cq/gui/components/projects/admin/pim/links,INTERNAL
/libs/cq/gui/components/projects/admin/reviewtd,INTERNAL
/libs/cq/gui/components/workflow,INTERNAL
/libs/cq/gui/content/common/listworkflows,INTERNAL
/libs/cq/gui/content/editor,INTERNAL
/libs/cq/i18n,INTERNAL
/libs/cq/inbox/content/inbox,INTERNAL
/libs/cq/inbox/extensions/itemtyperegistry/task/ayncjob-status-notification,INTERNAL
/libs/cq/inbox/gui,INTERNAL
/libs/cq/microsoftoffice,INTERNAL
/libs/cq/microsoftoffice/content,PUBLIC
/libs/cq/personalization/clientlib/personalization/integrations/commons,FINAL
/libs/cq/personalization/clientlib/personalization/jcarousel,FINAL
/libs/cq/personalization/clientlib/personalization/kernel,FINAL
/libs/cq/personalization/clientlib/personalization/legacy,FINAL
/libs/cq/personalization/clientlib/personalization/ui,FINAL
/libs/cq/personalization/clientlib/targeting,FINAL
/libs/cq/personalization/components,FINAL
/libs/cq/personalization/components/mbox/end,FINAL
/libs/cq/personalization/components/mbox/start,FINAL
/libs/cq/personalization/components/recommendation/algorithmcard,FINAL,Deprecated since 6.5: Should not be used in new projects
/libs/cq/personalization/components/recommendation/algorithmdatasource,FINAL,Deprecated since 6.5: Should not be used in new projects
/libs/cq/personalization/components/recommendation/conversionmbox/end,FINAL,Deprecated since 6.5: Should not be used in new projects
/libs/cq/personalization/components/recommendation/conversionmbox/start,FINAL,Deprecated since 6.5: Should not be used in new projects
/libs/cq/personalization/components/recommendation/mbox/end,FINAL,Deprecated since 6.5: Should not be used in new projects
/libs/cq/personalization/components/recommendation/mbox/start,FINAL,Deprecated since 6.5: Should not be used in new projects
/libs/cq/personalization/components/recommendation/namevaluetextfield,FINAL,Deprecated since 6.5: Should not be used in new projects
/libs/cq/personalization/components/recommendation/recommendationinfo,FINAL,Deprecated since 6.5: Should not be used in new projects
/libs/cq/personalization/components/recommendation/recommendationlinks,FINAL,Deprecated since 6.5: Should not be used in new projects
/libs/cq/personalization/components/recommendation/recommendationsdatasource,FINAL,Deprecated since 6.5: Should not be used in new projects
/libs/cq/personalization/components/recommendation/recsstatus,FINAL,Deprecated since 6.5: Should not be used in new projects
/libs/cq/personalization/components/recommendation/recstemplatecard,FINAL,Deprecated since 6.5: Should not be used in new projects
/libs/cq/personalization/components/recommendation/recstemplatedatasource,FINAL,Deprecated since 6.5: Should not be used in new projects
/libs/cq/personalization/components/traits,FINAL
/libs/cq/personalization/components/traits/campaigns,FINAL
/libs/cq/personalization/components/traits/generic,FINAL
/libs/cq/personalization/components/traits/logic,FINAL
/libs/cq/personalization/components/traits/logic/and,FINAL
/libs/cq/personalization/components/traits/logic/or,FINAL
/libs/cq/personalization/components/traits/pagedata,FINAL
/libs/cq/personalization/components/traits/pagedata/generic,FINAL
/libs/cq/personalization/components/traits/pagedata/hits,FINAL
/libs/cq/personalization/components/traits/percentile,FINAL
/libs/cq/personalization/components/traits/profileproperty,FINAL
/libs/cq/personalization/components/traits/profileproperty/age,FINAL
/libs/cq/personalization/components/traits/profileproperty/generic,FINAL
/libs/cq/personalization/components/traits/reference,FINAL
/libs/cq/personalization/components/traits/script,FINAL
/libs/cq/personalization/components/traits/surferinfo,FINAL
/libs/cq/personalization/components/traits/surferinfo/iprange,FINAL
/libs/cq/personalization/components/traits/surferinfo/keywords,FINAL
/libs/cq/personalization/components/traits/tagcloud,FINAL
/libs/cq/personalization/components/traits/tandt,FINAL
/libs/cq/personalization/contexthub,INTERNAL
/libs/cq/personalization/sightly,INTERNAL
/libs/cq/personalization/templates/ambit,FINAL
/libs/cq/personalization/templates/campaign,FINAL
/libs/cq/personalization/templates/experience,FINAL
/libs/cq/personalization/templates/offer,FINAL
/libs/cq/personalization/templates/offerfolder,FINAL
/libs/cq/personalization/templates/offerlibrary,FINAL
/libs/cq/personalization/templates/offerproxy,FINAL
/libs/cq/personalization/templates/segment,FINAL
/libs/cq/personalization/templates/segment-ac,FINAL
/libs/cq/personalization/templates/teaser,FINAL
/libs/cq/personalization/touch-ui/clientlibs,INTERNAL
/libs/cq/personalization/touch-ui/clientlibs/activities,INTERNAL
/libs/cq/personalization/touch-ui/clientlibs/audiences,INTERNAL
/libs/cq/personalization/touch-ui/components/activity,INTERNAL
/libs/cq/personalization/touch-ui/components/activitywizarddata,INTERNAL
/libs/cq/personalization/touch-ui/components/audience,INTERNAL
/libs/cq/personalization/touch-ui/components/coral,INTERNAL
/libs/cq/personalization/touch-ui/components/datasource,INTERNAL
/libs/cq/personalization/touch-ui/components/groupedservicesselector,FINAL
/libs/cq/personalization/touch-ui/components/jsutils,INTERNAL
/libs/cq/personalization/touch-ui/components/offerpicker,INTERNAL
/libs/cq/personalization/touch-ui/components/page,INTERNAL
/libs/cq/personalization/touch-ui/components/priorityslider,INTERNAL
/libs/cq/personalization/touch-ui/components/renderconditions,INTERNAL
/libs/cq/personalization/touch-ui/components/targetdiagram,INTERNAL
/libs/cq/personalization/touch-ui/components/targeteditor,INTERNAL
/libs/cq/personalization/touch-ui/components/title,INTERNAL
/libs/cq/personalization/touch-ui/content,INTERNAL
/libs/cq/personalization/touch-ui/content/v2,INTERNAL
/libs/cq/personalization/touch-ui/content/v2/commons,INTERNAL
/libs/cq/personalization/widgets,INTERNAL
/libs/cq/replication/components/youtube,INTERNAL
/libs/cq/replication/templates/youtube,INTERNAL
/libs/cq/searchpromote/clientlibs/searchpromote,FINAL
/libs/cq/searchpromote/components/banners,INTERNAL_DEPRECATED_ANNOTATION,Deprecated since 6.4: Should not be used in new projects
/libs/cq/searchpromote/components/breadcrumbs,INTERNAL_DEPRECATED_ANNOTATION,Deprecated since 6.4: Should not be used in new projects
/libs/cq/searchpromote/components/checkboxlist,INTERNAL_DEPRECATED_ANNOTATION,Deprecated since 6.4: Should not be used in new projects
/libs/cq/searchpromote/components/colors,INTERNAL_DEPRECATED_ANNOTATION,Deprecated since 6.4: Should not be used in new projects
/libs/cq/searchpromote/components/dropdown,INTERNAL_DEPRECATED_ANNOTATION,Deprecated since 6.4: Should not be used in new projects
/libs/cq/searchpromote/components/facet,INTERNAL_DEPRECATED_ANNOTATION,Deprecated since 6.4: Should not be used in new projects
/libs/cq/searchpromote/components/linklist,INTERNAL_DEPRECATED_ANNOTATION,Deprecated since 6.4: Should not be used in new projects
/libs/cq/searchpromote/components/nestedlist,INTERNAL_DEPRECATED_ANNOTATION,Deprecated since 6.4: Should not be used in new projects
/libs/cq/searchpromote/components/pagination,INTERNAL_DEPRECATED_ANNOTATION,Deprecated since 6.4: Should not be used in new projects
/libs/cq/searchpromote/components/ratings,INTERNAL_DEPRECATED_ANNOTATION,Deprecated since 6.4: Should not be used in new projects
/libs/cq/searchpromote/components/results,INTERNAL_DEPRECATED_ANNOTATION,Deprecated since 6.4: Should not be used in new projects
/libs/cq/searchpromote/components/search,INTERNAL_DEPRECATED_ANNOTATION,Deprecated since 6.4: Should not be used in new projects
/libs/cq/searchpromote/components/searchpromotepage,FINAL,Deprecated since 6.4: Should not be used in new projects
/libs/cq/searchpromote/components/searchpromotescheduler,FINAL,Deprecated since 6.4: Should not be used in new projects
/libs/cq/searchpromote/components/sorting,INTERNAL_DEPRECATED_ANNOTATION,Deprecated since 6.4: Should not be used in new projects
/libs/cq/searchpromote/install,INTERNAL
/libs/cq/searchpromote/templates/searchpromote,FINAL
/libs/cq/searchpromote/templates/searchpromotescheduler,FINAL
/libs/cq/searchpromote/widgets,INTERNAL
/libs/cq/tagging/components/tagcloud,INTERNAL_DEPRECATED_ANNOTATION,Deprecated since 6.5: Should not be used in new projects
/libs/cq/target,INTERNAL
/libs/cq/target/content,PUBLIC
/libs/cq/testandtarget,INTERNAL
/libs/cq/ups,INTERNAL
/libs/cq/workflow/admin,INTERNAL
/libs/cq/workflow/components/and_split.clientlib,INTERNAL
/libs/cq/workflow/components/collection/definition,FINAL
/libs/cq/workflow/components/collection/page,FINAL
/libs/cq/workflow/components/console,INTERNAL
/libs/cq/workflow/components/datasource,INTERNAL
/libs/cq/workflow/components/datatypes,INTERNAL
/libs/cq/workflow/components/datatypes/com.google.gson.JsonObject,INTERNAL
/libs/cq/workflow/components/datatypes/org.w3c.dom.Document,INTERNAL
/libs/cq/workflow/components/engine,INTERNAL
/libs/cq/workflow/components/form,FINAL
/libs/cq/workflow/components/goto.clientlib,INTERNAL
/libs/cq/workflow/components/inbox,INTERNAL
/libs/cq/workflow/components/instance,INTERNAL
/libs/cq/workflow/components/instances,INTERNAL
/libs/cq/workflow/components/model/and,FINAL
/libs/cq/workflow/components/model/container,PUBLIC
/libs/cq/workflow/components/model/dialog,PUBLIC
/libs/cq/workflow/components/model/dynamic_participant,PUBLIC
/libs/cq/workflow/components/model/external_process,PUBLIC
/libs/cq/workflow/components/model/form,FINAL
/libs/cq/workflow/components/model/goto,FINAL
/libs/cq/workflow/components/model/or,FINAL
/libs/cq/workflow/components/model/participant,PUBLIC
/libs/cq/workflow/components/model/process,PUBLIC
/libs/cq/workflow/components/model/set_variable,FINAL
/libs/cq/workflow/components/model/step,PUBLIC
/libs/cq/workflow/components/models,INTERNAL
/libs/cq/workflow/components/or_split.clientlib,INTERNAL
/libs/cq/workflow/components/pages/clientlib,INTERNAL
/libs/cq/workflow/components/pages/model,INTERNAL
/libs/cq/workflow/components/set_variable.clientlib,INTERNAL
/libs/cq/workflow/components/workflow/absoluttimeautoadvancer,FINAL
/libs/cq/workflow/components/workflow/autoadvancer,FINAL
/libs/cq/workflow/components/workflow/deletenodeprocess,FINAL
/libs/cq/workflow/components/workflow/genericjobprocess,FINAL
/libs/cq/workflow/components/workflow/initiatorparticipantchooser,FINAL
/libs/cq/workflow/components/workflow/lockpayloadprocess,FINAL
/libs/cq/workflow/components/workflow/noopprocess,FINAL
/libs/cq/workflow/components/workflow/processassembler,FINAL
/libs/cq/workflow/components/workflow/randomparticipantchooser,FINAL
/libs/cq/workflow/components/workflow/unlockpayloadprocess,FINAL
/libs/cq/workflow/components/workflow/workflowoffloadingprocess,FINAL
/libs/cq/workflow/components/workitem,INTERNAL
/libs/cq/workflow/content,INTERNAL
/libs/cq/workflow/gui/components,INTERNAL
/libs/cq/workflow/gui/components/common/schematree,INTERNAL
/libs/cq/workflow/templates,INTERNAL
/libs/cq/workflow/widgets,INTERNAL
/libs/crx,INTERNAL
/libs/dam,PUBLIC
/libs/dam/Asset,INTERNAL
/libs/dam/cfm/admin/clientlibs,INTERNAL
/libs/dam/cfm/admin/components/admin,INTERNAL
/libs/dam/cfm/admin/components/adminpage,INTERNAL
/libs/dam/cfm/admin/components/assoccontent,INTERNAL
/libs/dam/cfm/admin/components/authoring,INTERNAL
/libs/dam/cfm/admin/components/authoring/contenteditor/cfmmultifield,FINAL
/libs/dam/cfm/admin/components/contentrenderer,INTERNAL
/libs/dam/cfm/admin/components/datasources,INTERNAL
/libs/dam/cfm/admin/components/metadata,INTERNAL
/libs/dam/cfm/admin/components/renderconditions/associatedcontent,INTERNAL
/libs/dam/cfm/admin/components/renderconditions/contentfragment,FINAL
/libs/dam/cfm/admin/components/renderconditions/fragment,INTERNAL
/libs/dam/cfm/admin/components/shared,INTERNAL
/libs/dam/cfm/admin/components/v2,INTERNAL
/libs/dam/cfm/admin/content,INTERNAL
/libs/dam/cfm/admin/content/v2/createfragment/emptyitem/clientlibs,INTERNAL
/libs/dam/cfm/admin/migration,INTERNAL
/libs/dam/cfm/admin/migration/components/savegroup,INTERNAL
/libs/dam/cfm/clientlibs,INTERNAL
/libs/dam/cfm/components/associatedassets,INTERNAL
/libs/dam/cfm/components/cfmpicker/suggestion,INTERNAL
/libs/dam/cfm/components/cfpicker,FINAL
/libs/dam/cfm/components/contentfragment,INTERNAL_DEPRECATED_ANNOTATION,Deprecated since 6.5: Should not be used in new projects
/libs/dam/cfm/components/coral,INTERNAL
/libs/dam/cfm/components/datasources,INTERNAL
/libs/dam/cfm/components/download,INTERNAL
/libs/dam/cfm/components/grid,FINAL
/libs/dam/cfm/components/mmimage,FINAL
/libs/dam/cfm/components/predicates,INTERNAL
/libs/dam/cfm/components/renderconditions,INTERNAL
/libs/dam/cfm/components/v2,INTERNAL
/libs/dam/cfm/content,INTERNAL
/libs/dam/cfm/graphql,INTERNAL
/libs/dam/cfm/headless,INTERNAL
/libs/dam/cfm/models,INTERNAL
/libs/dam/cfm/models/editor/components/childfragmentreference,INTERNAL
/libs/dam/cfm/models/editor/components/contentreference,INTERNAL
/libs/dam/cfm/models/editor/components/datatypes/datepicker,INTERNAL
/libs/dam/cfm/models/editor/components/fragmentreference,INTERNAL
/libs/dam/cfm/models/editor/components/fragmentreference/multifield,INTERNAL
/libs/dam/cfm/models/editor/components/openprompt,FINAL
/libs/dam/clientlibs,PUBLIC
/libs/dam/components,PUBLIC
/libs/dam/components/assetinsights,INTERNAL
/libs/dam/components/configurations,INTERNAL
/libs/dam/components/download,INTERNAL
/libs/dam/components/drm,INTERNAL
/libs/dam/components/marketingcloud,INTERNAL
/libs/dam/components/mediaportal,INTERNAL
/libs/dam/components/proxy,FINAL
/libs/dam/components/s7dam/videoproxyprocess,FINAL
/libs/dam/components/s7dam/videothumbnaildownloadprocess,FINAL
/libs/dam/components/s7dam/videouseruploadedthumbnailprocess,FINAL
/libs/dam/components/scene7/basiczoom,FINAL
/libs/dam/components/scene7/dimensionalmedia,FINAL
/libs/dam/components/scene7/dynamicmediaimage,FINAL
/libs/dam/components/scene7/dynamicvideo,FINAL
/libs/dam/components/scene7/flyoutzoom,FINAL
/libs/dam/components/scene7/mobileVideo,FINAL
/libs/dam/components/scene7/multiscreenflyoutzoom,FINAL
/libs/dam/components/scene7/panoramicmedia,FINAL
/libs/dam/components/scene7/smartcropvideo,FINAL
/libs/dam/components/scene7/video360media,FINAL
/libs/dam/components/search,FINAL
/libs/dam/components/smarttaggingservicepage,FINAL
/libs/dam/components/video,INTERNAL
/libs/dam/components/word,INTERNAL
/libs/dam/components/workflow,INTERNAL
/libs/dam/components/youtube,INTERNAL
/libs/dam/config,PUBLIC
/libs/dam/content,PUBLIC
/libs/dam/content/cfm-model,INTERNAL
/libs/dam/content/collection,INTERNAL
/libs/dam/content/configurations,FINAL
/libs/dam/content/download,INTERNAL
/libs/dam/content/indesign,INTERNAL
/libs/dam/content/schemaeditors,INTERNAL
/libs/dam/content/search,INTERNAL
/libs/dam/content/snippet,INTERNAL
/libs/dam/content/stock,INTERNAL
/libs/dam/gui,PUBLIC
/libs/dam/gui/components/admin/references/launchcopy,INTERNAL
/libs/dam/gui/components/s7dam,INTERNAL
/libs/dam/gui/components/s7dam/batchsetpresets/pathfield,FINAL
/libs/dam/gui/content/adhocassetsharepage,INTERNAL
/libs/dam/gui/content/assetdetails,PUBLIC
/libs/dam/gui/content/assetdetails/modals,INTERNAL
/libs/dam/gui/content/assetdetails/renditions,PUBLIC
/libs/dam/gui/content/assetdetails/renditions/items/renditiondetail/items/col1,INTERNAL
/libs/dam/gui/content/assetinsights,INTERNAL
/libs/dam/gui/content/assets,PUBLIC
/libs/dam/gui/content/assets/brandportalcsvimport,INTERNAL
/libs/dam/gui/content/assets/columnpreview,INTERNAL
/libs/dam/gui/content/assets/compareassets,INTERNAL
/libs/dam/gui/content/assets/downloadcf,INTERNAL
/libs/dam/gui/content/assets/fileupload,INTERNAL
/libs/dam/gui/content/assets/lightboxassetcount,FINAL
/libs/dam/gui/content/assets/lightboxassets,FINAL
/libs/dam/gui/content/assets/metadataeditor/jcr:content/actions/annotate/granite:rendercondition/contentfragment,INTERNAL
/libs/dam/gui/content/assets/metadataeditor/jcr:content/actions/editasset/granite:rendercondition/contentfragment,INTERNAL
/libs/dam/gui/content/assetsconfigurations,INTERNAL
/libs/dam/gui/content/assetselector,INTERNAL
/libs/dam/gui/content/assetsrouter,INTERNAL
/libs/dam/gui/content/collections,PUBLIC
/libs/dam/gui/content/collections/collectiondetails/jcr:content/views/card/datasource/contentfragment,INTERNAL
/libs/dam/gui/content/collections/collectiondetails/jcr:content/views/list/datasource/contentfragment,INTERNAL
/libs/dam/gui/content/colortags,INTERNAL
/libs/dam/gui/content/colortags/configuration,INTERNAL
/libs/dam/gui/content/commons,PUBLIC
/libs/dam/gui/content/foldermetadataschemaeditor,PUBLIC
/libs/dam/gui/content/foldermetadataschemaeditor/schemalist,INTERNAL
/libs/dam/gui/content/idsprint,INTERNAL
/libs/dam/gui/content/metadataexport,INTERNAL
/libs/dam/gui/content/metadataimport,INTERNAL
/libs/dam/gui/content/metadataschemaeditor,PUBLIC
/libs/dam/gui/content/metadataschemaeditor/schemalist,INTERNAL
/libs/dam/gui/content/nav,INTERNAL
/libs/dam/gui/content/pageviewer,INTERNAL
/libs/dam/gui/content/pim,INTERNAL
/libs/dam/gui/content/pim/productmetadata,INTERNAL
/libs/dam/gui/content/processingprofilepage,INTERNAL
/libs/dam/gui/content/projects,INTERNAL
/libs/dam/gui/content/reports,INTERNAL
/libs/dam/gui/content/s7dam,INTERNAL
/libs/dam/gui/content/s7dam/imagepresets/imagepresets/columnpreview,INTERNAL
/libs/dam/gui/content/smarttags,INTERNAL
/libs/dam/gui/content/stock/options,PUBLIC
/libs/dam/gui/content/stock/preview,PUBLIC
/libs/dam/gui/content/stock/search,FINAL
/libs/dam/gui/content/welcome,INTERNAL
/libs/dam/gui/coral,PUBLIC
/libs/dam/gui/coral/components/admin/adhocassetshare/contentrenderer,INTERNAL
/libs/dam/gui/coral/components/admin/adhocassetshare/landingpage,INTERNAL
/libs/dam/gui/coral/components/admin/adhocassetshare/linkexpired,INTERNAL
/libs/dam/gui/coral/components/admin/adhocassetshare/myshares,INTERNAL
/libs/dam/gui/coral/components/admin/adhocassetshare/userpicker,INTERNAL
/libs/dam/gui/coral/components/admin/annotation,PUBLIC
/libs/dam/gui/coral/components/admin/annotation/clientlibs,INTERNAL
/libs/dam/gui/coral/components/admin/annotation/comment,FINAL
/libs/dam/gui/coral/components/admin/assetcompare,INTERNAL
/libs/dam/gui/coral/components/admin/assetdetails,INTERNAL
/libs/dam/gui/coral/components/admin/assetdetails/view/videopreview,FINAL
/libs/dam/gui/coral/components/admin/assetedit,PUBLIC
/libs/dam/gui/coral/components/admin/assetinsights,PUBLIC
/libs/dam/gui/coral/components/admin/assetinsights/analyticsconfiguredrendercondition,PUBLIC
/libs/dam/gui/coral/components/admin/assetinsights/clientlibs,INTERNAL
/libs/dam/gui/coral/components/admin/assetinsights/recentusages,INTERNAL
/libs/dam/gui/coral/components/admin/assetinsights/trendreport,INTERNAL
/libs/dam/gui/coral/components/admin/assetinsights/wizard,INTERNAL
/libs/dam/gui/coral/components/admin/assetsconfigurations,INTERNAL
/libs/dam/gui/coral/components/admin/audiopicker,INTERNAL
/libs/dam/gui/coral/components/admin/audiosrcpicker,INTERNAL
/libs/dam/gui/coral/components/admin/autotag,INTERNAL
/libs/dam/gui/coral/components/admin/brandportalcsvimport,INTERNAL
/libs/dam/gui/coral/components/admin/catalogs,INTERNAL
/libs/dam/gui/coral/components/admin/clientlibs,PUBLIC
/libs/dam/gui/coral/components/admin/clientlibs/actions,PUBLIC
/libs/dam/gui/coral/components/admin/clientlibs/actions_compat,INTERNAL
/libs/dam/gui/coral/components/admin/collections,PUBLIC
/libs/dam/gui/coral/components/admin/collections/collectionsettings/assetsourcinguserpicker,INTERNAL
/libs/dam/gui/coral/components/admin/collections/contentrenderer,PUBLIC
/libs/dam/gui/coral/components/admin/collections/contentrenderer/cardasset,PUBLIC
/libs/dam/gui/coral/components/admin/collections/contentrenderer/carddirectory,PUBLIC
/libs/dam/gui/coral/components/admin/collections/contentrenderer/collectioncard,PUBLIC
/libs/dam/gui/coral/components/admin/collections/contentrenderer/collectiondetailsrow,PUBLIC
/libs/dam/gui/coral/components/admin/collections/contentrenderer/collectionrow,PUBLIC
/libs/dam/gui/coral/components/admin/collections/contentrenderer/directorynavigation,PUBLIC
/libs/dam/gui/coral/components/admin/collections/contentrenderer/rowasset,PUBLIC
/libs/dam/gui/coral/components/admin/collections/contentrenderer/rowdirectory,PUBLIC
/libs/dam/gui/coral/components/admin/colortags,INTERNAL
/libs/dam/gui/coral/components/admin/contentchecker,INTERNAL
/libs/dam/gui/coral/components/admin/contentrenderer,PUBLIC
/libs/dam/gui/coral/components/admin/createfolder,PUBLIC
/libs/dam/gui/coral/components/admin/createfolder/rendercondition,FINAL
/libs/dam/gui/coral/components/admin/createlivecopywizard,PUBLIC
/libs/dam/gui/coral/components/admin/createsnippet,INTERNAL
/libs/dam/gui/coral/components/admin/customsearch,PUBLIC
/libs/dam/gui/coral/components/admin/customsearch/formbuilder/predicatefields/assetcolorpredicatefield,INTERNAL
/libs/dam/gui/coral/components/admin/customsearch/savedsearch,INTERNAL
/libs/dam/gui/coral/components/admin/customsearch/searchpredicates/assetcolorpredicate,INTERNAL
/libs/dam/gui/coral/components/admin/customthumb,PUBLIC
/libs/dam/gui/coral/components/admin/customthumb/clientlibs,INTERNAL
/libs/dam/gui/coral/components/admin/customthumb/leftpanel,FINAL
/libs/dam/gui/coral/components/admin/customthumb/manualthumb,FINAL
/libs/dam/gui/coral/components/admin/customthumb/newdialog,FINAL
/libs/dam/gui/coral/components/admin/customthumb/newsteps,INTERNAL
/libs/dam/gui/coral/components/admin/customthumb/newtabs,INTERNAL
/libs/dam/gui/coral/components/admin/customthumb/rendercondition,FINAL
/libs/dam/gui/coral/components/admin/downloadasset,PUBLIC
/libs/dam/gui/coral/components/admin/drm,INTERNAL
/libs/dam/gui/coral/components/admin/dynamichyperlink,INTERNAL
/libs/dam/gui/coral/components/admin/editlivecopywizard,PUBLIC
/libs/dam/gui/coral/components/admin/exportmetadata,INTERNAL
/libs/dam/gui/coral/components/admin/folderschemaforms,PUBLIC
/libs/dam/gui/coral/components/admin/folderschemaforms/breadcrumbs,INTERNAL
/libs/dam/gui/coral/components/admin/folderschemaforms/childform,INTERNAL
/libs/dam/gui/coral/components/admin/folderschemaforms/clientlibs,INTERNAL
/libs/dam/gui/coral/components/admin/folderschemaforms/folderspecific,INTERNAL
/libs/dam/gui/coral/components/admin/folderschemaforms/formbuilder,PUBLIC
/libs/dam/gui/coral/components/admin/folderschemaforms/formbuilder/checkbox,INTERNAL
/libs/dam/gui/coral/components/admin/folderschemaforms/formbuilder/formfields,PUBLIC
/libs/dam/gui/coral/components/admin/folderschemaforms/formbuilder/pimfield,INTERNAL
/libs/dam/gui/coral/components/admin/folderschemaforms/formbuilder/referencefield,INTERNAL
/libs/dam/gui/coral/components/admin/folderschemaforms/formbuilder/rendercondition,INTERNAL
/libs/dam/gui/coral/components/admin/folderschemaforms/formbuilder/sectionfield,INTERNAL
/libs/dam/gui/coral/components/admin/folderschemaforms/formbuilder/tabname,INTERNAL
/libs/dam/gui/coral/components/admin/folderschemaforms/formbuilder/youtubeurllist,INTERNAL
/libs/dam/gui/coral/components/admin/folderschemaforms/meta,INTERNAL
/libs/dam/gui/coral/components/admin/folderschemaforms/page,INTERNAL
/libs/dam/gui/coral/components/admin/folderschemaforms/pagedatasource,INTERNAL
/libs/dam/gui/coral/components/admin/folderschemaforms/pages,INTERNAL
/libs/dam/gui/coral/components/admin/folderschemaforms/selectableview,INTERNAL
/libs/dam/gui/coral/components/admin/folderschemaforms/title,INTERNAL
/libs/dam/gui/coral/components/admin/foldershare,INTERNAL
/libs/dam/gui/coral/components/admin/idsprint,INTERNAL
/libs/dam/gui/coral/components/admin/importmetadata,INTERNAL
/libs/dam/gui/coral/components/admin/managepublication,INTERNAL
/libs/dam/gui/coral/components/admin/managetags,INTERNAL
/libs/dam/gui/coral/components/admin/metadataeditor,PUBLIC
/libs/dam/gui/coral/components/admin/metadataeditor/clientlibs/metadataeditor_ext,INTERNAL
/libs/dam/gui/coral/components/admin/metadataeditor/subassetsreferences,INTERNAL
/libs/dam/gui/coral/components/admin/metadataeditorcollection,INTERNAL
/libs/dam/gui/coral/components/admin/moreinfo,INTERNAL
/libs/dam/gui/coral/components/admin/moveassetwizard,PUBLIC
/libs/dam/gui/coral/components/admin/moveassetwizard/infodetails,INTERNAL
/libs/dam/gui/coral/components/admin/moveassetwizard/init,INTERNAL
/libs/dam/gui/coral/components/admin/moveassetwizard/references,INTERNAL
/libs/dam/gui/coral/components/admin/msm,PUBLIC
/libs/dam/gui/coral/components/admin/propertiesform,PUBLIC
/libs/dam/gui/coral/components/admin/propertypicker,INTERNAL
/libs/dam/gui/coral/components/admin/publish,PUBLIC
/libs/dam/gui/coral/components/admin/publish/publishaction,INTERNAL
/libs/dam/gui/coral/components/admin/publishwizard,INTERNAL
/libs/dam/gui/coral/components/admin/rating,INTERNAL
/libs/dam/gui/coral/components/admin/references,INTERNAL
/libs/dam/gui/coral/components/admin/references/assetlanguagecopy/cloudconfig,FINAL
/libs/dam/gui/coral/components/admin/relateasset,INTERNAL
/libs/dam/gui/coral/components/admin/renderconditions,PUBLIC
/libs/dam/gui/coral/components/admin/reports,INTERNAL
/libs/dam/gui/coral/components/admin/schemaforms,PUBLIC
/libs/dam/gui/coral/components/admin/schemaforms/breadcrumbs,INTERNAL
/libs/dam/gui/coral/components/admin/schemaforms/childform,INTERNAL
/libs/dam/gui/coral/components/admin/schemaforms/clientlibs,INTERNAL
/libs/dam/gui/coral/components/admin/schemaforms/folderspecific,INTERNAL
/libs/dam/gui/coral/components/admin/schemaforms/formbuilder,PUBLIC
/libs/dam/gui/coral/components/admin/schemaforms/formbuilder/checkbox,INTERNAL
/libs/dam/gui/coral/components/admin/schemaforms/formbuilder/formfieldproperties,PUBLIC
/libs/dam/gui/coral/components/admin/schemaforms/formbuilder/formfields,PUBLIC
/libs/dam/gui/coral/components/admin/schemaforms/formbuilder/formfields/v2/colortagsfield,INTERNAL
/libs/dam/gui/coral/components/admin/schemaforms/formbuilder/pimfield,INTERNAL
/libs/dam/gui/coral/components/admin/schemaforms/formbuilder/referencefield,INTERNAL
/libs/dam/gui/coral/components/admin/schemaforms/formbuilder/rendercondition,INTERNAL
/libs/dam/gui/coral/components/admin/schemaforms/formbuilder/sectionfield,INTERNAL
/libs/dam/gui/coral/components/admin/schemaforms/formbuilder/tabname,INTERNAL
/libs/dam/gui/coral/components/admin/schemaforms/formbuilder/youtubeurllist,INTERNAL
/libs/dam/gui/coral/components/admin/schemaforms/meta,INTERNAL
/libs/dam/gui/coral/components/admin/schemaforms/page,INTERNAL
/libs/dam/gui/coral/components/admin/schemaforms/pagedatasource,INTERNAL
/libs/dam/gui/coral/components/admin/schemaforms/pages,INTERNAL
/libs/dam/gui/coral/components/admin/schemaforms/selectableview,INTERNAL
/libs/dam/gui/coral/components/admin/schemaforms/title,INTERNAL
/libs/dam/gui/coral/components/admin/smarttags,INTERNAL
/libs/dam/gui/coral/components/admin/stock,PUBLIC
/libs/dam/gui/coral/components/admin/stock/clientlibs,INTERNAL
/libs/dam/gui/coral/components/admin/templates,INTERNAL
/libs/dam/gui/coral/components/admin/timeline,PUBLIC
/libs/dam/gui/coral/components/admin/unifiedrenditions,INTERNAL
/libs/dam/gui/coral/components/admin/unpublish,PUBLIC
/libs/dam/gui/coral/components/admin/unpublishwizard,INTERNAL
/libs/dam/gui/coral/components/admin/v2,INTERNAL
/libs/dam/gui/coral/components/admin/videosrcpicker,INTERNAL
/libs/dam/gui/coral/components/admin/welcome,INTERNAL
/libs/dam/gui/coral/components/admin/wizard,INTERNAL
/libs/dam/gui/coral/components/commons/datasource,INTERNAL
/libs/dam/gui/coral/components/commons/renderconditions/deploymenttype,INTERNAL
/libs/dam/gui/coral/components/commons/ui/shell/titlehead,INTERNAL
/libs/dam/gui/coral/components/commons/userpicker,INTERNAL
/libs/dam/gui/coral/components/s7dam,INTERNAL
/libs/dam/install,INTERNAL
/libs/dam/metadataeditor,INTERNAL
/libs/dam/nodetypes,PUBLIC
/libs/dam/options,PUBLIC
/libs/dam/preview,FINAL
/libs/dam/remoteassets,INTERNAL
/libs/dam/remoteassets/components/clientlibs,INTERNAL
/libs/dam/remoteassets/components/config/ui/clientlibs,INTERNAL
/libs/dam/remoteassets/components/references/clientlibs,INTERNAL
/libs/dam/remoteassets/content,INTERNAL
/libs/dam/remoteassets/content/configuration,INTERNAL
/libs/dam/remoteassets/content/siteconnections,INTERNAL
/libs/dam/remoteassets/content/siteconnections/clientlibs,INTERNAL
/libs/dam/templates,PUBLIC
/libs/dam/templates/marketingcloud,INTERNAL
/libs/dam/templates/mediaportal,INTERNAL
/libs/dam/widgets,PUBLIC
/libs/experience-fragments/config/rewriter/adobe-target-offer,INTERNAL
/libs/fd/expeditor,INTERNAL
/libs/foundation/clientlibs,INTERNAL
/libs/foundation/components/account/accountname,INTERNAL,Deprecated since 6.4: Should not be used in new projects
/libs/foundation/components/account/passwordreset,INTERNAL,Deprecated since 6.4: Should not be used in new projects
/libs/foundation/components/account/requestconfirmation,INTERNAL,Deprecated since 6.4: Should not be used in new projects
/libs/foundation/components/adaptiveimage,INTERNAL,Deprecated since 6.4: Should not be used in new projects; a Core Components alternative is available
/libs/foundation/components/assetsharepage,INTERNAL,Deprecated since 6.4: Should not be used in new projects
/libs/foundation/components/breadcrumb,INTERNAL,Deprecated since 6.4: Should not be used in new projects; a Core Components alternative is available
/libs/foundation/components/carousel,INTERNAL_DEPRECATED_ANNOTATION,Deprecated since 6.5: Should not be used in new projects; a Core Components alternative is available
/libs/foundation/components/chart,INTERNAL_DEPRECATED_ANNOTATION,Deprecated since 6.5: Should not be used in new projects
/libs/foundation/components/download,INTERNAL_DEPRECATED_ANNOTATION,Deprecated since 6.5: Should not be used in new projects
/libs/foundation/components/external,INTERNAL_DEPRECATED_ANNOTATION,Deprecated since 6.5: Should not be used in new projects
/libs/foundation/components/flash,INTERNAL,"Deprecated since 6.4: For security reasons, the features of the Flash component have been disabled."
/libs/foundation/components/form/actions/edit,FINAL
/libs/foundation/components/form/actions/mail,FINAL
/libs/foundation/components/form/actions/showbulkeditor,FINAL
/libs/foundation/components/form/actions/store,FINAL
/libs/foundation/components/form/address,INTERNAL_DEPRECATED_ANNOTATION,Deprecated since 6.5: Should not be used in new projects
/libs/foundation/components/form/captcha,INTERNAL,"Deprecated since 6.4: For security reasons, the features of the Captcha component have been disabled."
/libs/foundation/components/form/checkbox,INTERNAL_DEPRECATED_ANNOTATION,Deprecated since 6.5: Should not be used in new projects; a Core Components alternative is available
/libs/foundation/components/form/constraints/ccv,FINAL
/libs/foundation/components/form/constraints/date,FINAL
/libs/foundation/components/form/constraints/datenumericmonth,FINAL
/libs/foundation/components/form/constraints/dateyear,FINAL
/libs/foundation/components/form/constraints/email,FINAL
/libs/foundation/components/form/constraints/luhn,FINAL
/libs/foundation/components/form/constraints/name,FINAL
/libs/foundation/components/form/constraints/numeric,FINAL
/libs/foundation/components/form/creditcard,INTERNAL,Deprecated since 6.4: Should not be used in new projects
/libs/foundation/components/form/defaults/action,FINAL
/libs/foundation/components/form/defaults/constraint,FINAL
/libs/foundation/components/form/defaults/field,FINAL
/libs/foundation/components/form/dropdown,INTERNAL_DEPRECATED_ANNOTATION,Deprecated since 6.5: Should not be used in new projects; a Core Components alternative is available
/libs/foundation/components/form/end,INTERNAL_DEPRECATED_ANNOTATION,Deprecated since 6.5: Should not be used in new projects; a Core Components alternative is available
/libs/foundation/components/form/hidden,INTERNAL_DEPRECATED_ANNOTATION,Deprecated since 6.5: Should not be used in new projects; a Core Components alternative is available
/libs/foundation/components/form/image,INTERNAL_DEPRECATED_ANNOTATION,Deprecated since 6.5: Should not be used in new projects
/libs/foundation/components/form/imagebutton,INTERNAL_DEPRECATED_ANNOTATION,Deprecated since 6.5: Should not be used in new projects
/libs/foundation/components/form/link,INTERNAL_DEPRECATED_ANNOTATION,Deprecated since 6.5: Should not be used in new projects
/libs/foundation/components/form/password,INTERNAL_DEPRECATED_ANNOTATION,Deprecated since 6.5: Should not be used in new projects; a Core Components alternative is available
/libs/foundation/components/form/radio,INTERNAL_DEPRECATED_ANNOTATION,Deprecated since 6.5: Should not be used in new projects; a Core Components alternative is available
/libs/foundation/components/form/start,INTERNAL_DEPRECATED_ANNOTATION,Deprecated since 6.5: Should not be used in new projects; a Core Components alternative is available
/libs/foundation/components/form/submit,INTERNAL_DEPRECATED_ANNOTATION,Deprecated since 6.5: Should not be used in new projects; a Core Components alternative is available
/libs/foundation/components/form/tags,INTERNAL_DEPRECATED_ANNOTATION,Deprecated since 6.5: Should not be used in new projects
/libs/foundation/components/form/text,INTERNAL_DEPRECATED_ANNOTATION,Deprecated since 6.5: Should not be used in new projects; a Core Components alternative is available
/libs/foundation/components/form/upload,INTERNAL_DEPRECATED_ANNOTATION,Deprecated since 6.5: Should not be used in new projects
/libs/foundation/components/image,INTERNAL_DEPRECATED_ANNOTATION,Deprecated since 6.5: Should not be used in new projects; a Core Components alternative is available
/libs/foundation/components/list,INTERNAL_DEPRECATED_ANNOTATION,Deprecated since 6.5: Should not be used in new projects; a Core Components alternative is available
/libs/foundation/components/list/displayasdatasource,FINAL
/libs/foundation/components/listchildren,INTERNAL,Deprecated since 5.3: Should not be used in new projects
/libs/foundation/components/login,INTERNAL,Deprecated since 6.4: Should not be used in new projects
/libs/foundation/components/logo,INTERNAL,Deprecated since 6.4: Should not be used in new projects
/libs/foundation/components/mobilefooter,INTERNAL,Deprecated since 6.4: Should not be used in new projects
/libs/foundation/components/mobileimage,INTERNAL,Deprecated since 6.4: Should not be used in new projects
/libs/foundation/components/mobilelist,INTERNAL,Deprecated since 6.4: Should not be used in new projects
/libs/foundation/components/mobilelogo,INTERNAL,Deprecated since 6.4: Should not be used in new projects
/libs/foundation/components/mobilereference,INTERNAL,Deprecated since 6.4: Should not be used in new projects
/libs/foundation/components/mobiletextimage,INTERNAL,Deprecated since 6.4: Should not be used in new projects
/libs/foundation/components/mobiletopnav,INTERNAL,Deprecated since 6.4: Should not be used in new projects
/libs/foundation/components/page,INTERNAL_DEPRECATED_ANNOTATION,Deprecated since 6.5: Should not be used in new projects; a Core Components alternative is available
/libs/foundation/components/parsys/colctrl/layoutdatasource,FINAL
/libs/foundation/components/redirect,INTERNAL_DEPRECATED_ANNOTATION,Deprecated since 6.5: Should not be used in new projects; a Core Components alternative is available
/libs/foundation/components/reference,INTERNAL_DEPRECATED_ANNOTATION,Deprecated since 6.5: Should not be used in new projects
/libs/foundation/components/search,INTERNAL,Deprecated since 6.4: Should not be used in new projects; a Core Components alternative is available
/libs/foundation/components/sitemap,INTERNAL,Deprecated since 6.4: Should not be used in new projects
/libs/foundation/components/slideshow,INTERNAL,"Deprecated since 6.4: For security reasons, the features of the Slideshow component have been disabled."
/libs/foundation/components/table,INTERNAL,Deprecated since 6.4: Should not be used in new projects
/libs/foundation/components/text,INTERNAL_DEPRECATED_ANNOTATION,Deprecated since 6.5: Should not be used in new projects; a Core Components alternative is available
/libs/foundation/components/textimage,INTERNAL_DEPRECATED_ANNOTATION,Deprecated since 6.5: Should not be used in new projects; a Core Components alternative is available
/libs/foundation/components/title,INTERNAL_DEPRECATED_ANNOTATION,Deprecated since 6.5: Should not be used in new projects; a Core Components alternative is available
/libs/foundation/components/toolbar,INTERNAL,Deprecated since 6.4: Should not be used in new projects
/libs/foundation/components/topnav,INTERNAL,Deprecated since 6.4: Should not be used in new projects; a Core Components alternative is available
/libs/foundation/components/userinfo,INTERNAL,Deprecated since 6.4: Should not be used in new projects
/libs/foundation/components/video,INTERNAL_DEPRECATED_ANNOTATION,Deprecated since 6.5: Should not be used in new projects
/libs/granite/activitystreams,INTERNAL
/libs/granite/async/components/asyncjobs,INTERNAL
/libs/granite/async/components/asyncjobs/config/ui/clientlibs,INTERNAL
/libs/granite/async/content/asyncjobs,INTERNAL
/libs/granite/backup,FINAL
/libs/granite/backup/clientlibs,INTERNAL
/libs/granite/backup/components,INTERNAL
/libs/granite/backup/content,FINAL
/libs/granite/backup/content/admin,FINAL
/libs/granite/backup/content/createBackup,FINAL
/libs/granite/cluster,INTERNAL
/libs/granite/configurations,INTERNAL
/libs/granite/csrf,FINAL
/libs/granite/datavisualization,INTERNAL
/libs/granite/distribution/clientlibs,INTERNAL
/libs/granite/distribution/components,INTERNAL
/libs/granite/distribution/content,FINAL
/libs/granite/distribution/content/distribution,FINAL
/libs/granite/distribution/content/distribution-agent,FINAL
/libs/granite/distribution/content/distribution-queue,FINAL
/libs/granite/i18n/de.json,INTERNAL
/libs/granite/i18n/es.json,INTERNAL
/libs/granite/i18n/fr.json,INTERNAL
/libs/granite/i18n/it.json,INTERNAL
/libs/granite/i18n/ja.json,INTERNAL
/libs/granite/i18n/ko-kr.json,INTERNAL
/libs/granite/i18n/ms-my.json,INTERNAL
/libs/granite/i18n/pt-br.json,INTERNAL
/libs/granite/i18n/zh-cn.json,INTERNAL
/libs/granite/i18n/zh-tw.json,INTERNAL
/libs/granite/i18n/zz-zy.json,INTERNAL
/libs/granite/monitoring,FINAL
/libs/granite/monitoring/scripts,FINAL
/libs/granite/omnisearch/content/metadata/asset,PUBLIC
/libs/granite/omnisearch/content/metadata/collection,PUBLIC
/libs/granite/omnisearch/content/metadata/group,INTERNAL
/libs/granite/omnisearch/content/metadata/inbox,INTERNAL
/libs/granite/omnisearch/content/metadata/project,INTERNAL
/libs/granite/omnisearch/content/metadata/snippet,PUBLIC
/libs/granite/omnisearch/content/metadata/stock,PUBLIC
/libs/granite/omnisearch/content/metadata/user,INTERNAL
/libs/granite/operations,FINAL
/libs/granite/operations/clientlibs,INTERNAL
/libs/granite/operations/components,INTERNAL
/libs/granite/operations/content,FINAL
/libs/granite/operations/content/diagnosis,FINAL
/libs/granite/operations/content/diagnosistools,FINAL
/libs/granite/operations/content/diagnosistools/indexManager,FINAL
/libs/granite/operations/content/diagnosistools/logMessages,FINAL
/libs/granite/operations/content/diagnosistools/queryPerformance,FINAL
/libs/granite/operations/content/diagnosistools/requestPerformance,FINAL
/libs/granite/operations/content/diagnosistools/status,FINAL
/libs/granite/operations/content/diagnosistools/syncdiagnostics,FINAL
/libs/granite/operations/content/healthreports,FINAL
/libs/granite/operations/content/healthreports/healthreport,FINAL
/libs/granite/operations/content/healthreports/healthreportlist,FINAL
/libs/granite/operations/content/healthreports/logerrorreport,INTERNAL
/libs/granite/operations/content/maintenance,FINAL
/libs/granite/operations/content/maintenanceWindow,FINAL
/libs/granite/operations/content/monitoring,FINAL
/libs/granite/operations/content/monitoring/editChart,FINAL
/libs/granite/operations/content/monitoring/page,FINAL
/libs/granite/operations/content/systemoverview,FINAL
/libs/granite/security/clientlib,INTERNAL
/libs/granite/security/clientlibs,INTERNAL
/libs/granite/security/clientlibs/permissionbase,INTERNAL
/libs/granite/security/components,INTERNAL
/libs/granite/security/content/groupadmin,INTERNAL
/libs/granite/security/content/permissionsadmin,INTERNAL
/libs/granite/security/content/profileeditor,INTERNAL
/libs/granite/security/content/sslConfig,INTERNAL
/libs/granite/security/content/truststore,INTERNAL
/libs/granite/security/content/useradmin,INTERNAL
/libs/granite/security/content/v2/groupeditor,PUBLIC
/libs/granite/security/content/v2/usereditor,PUBLIC
/libs/granite/security/search,INTERNAL
/libs/granite/sightly,FINAL
/libs/granite/sightly/templates,FINAL
/libs/granite/sightly/templates/clientlib.html,FINAL
/libs/granite/taskmanagement/nodetypes,INTERNAL
/libs/granite/topology,INTERNAL
/libs/granite/ui/clientlibs,INTERNAL
/libs/granite/ui/components,FINAL
/libs/granite/ui/components/coral,FINAL
/libs/granite/ui/components/coral/foundation,FINAL
/libs/granite/ui/components/coral/foundation/accordion,FINAL
/libs/granite/ui/components/coral/foundation/actionbar,FINAL
/libs/granite/ui/components/coral/foundation/admin,FINAL
/libs/granite/ui/components/coral/foundation/admin/contentchecker,FINAL
/libs/granite/ui/components/coral/foundation/admin/page,FINAL
/libs/granite/ui/components/coral/foundation/admin/page/viewport,FINAL
/libs/granite/ui/components/coral/foundation/alert,FINAL
/libs/granite/ui/components/coral/foundation/anchorbutton,FINAL
/libs/granite/ui/components/coral/foundation/authorizable,FINAL
/libs/granite/ui/components/coral/foundation/authorizable/autocomplete,FINAL
/libs/granite/ui/components/coral/foundation/authorizable/autocomplete/suggestion,INTERNAL
/libs/granite/ui/components/coral/foundation/authorizable/datasource,FINAL
/libs/granite/ui/components/coral/foundation/authorizable/preferencesform,FINAL
/libs/granite/ui/components/coral/foundation/authorizable/selectdatasource,FINAL
/libs/granite/ui/components/coral/foundation/button,FINAL
/libs/granite/ui/components/coral/foundation/clientlibs,INTERNAL
/libs/granite/ui/components/coral/foundation/collection,FINAL
/libs/granite/ui/components/coral/foundation/collection/action,FINAL
/libs/granite/ui/components/coral/foundation/collection/actionlink,FINAL
/libs/granite/ui/components/coral/foundation/columnview,FINAL
/libs/granite/ui/components/coral/foundation/container,FINAL
/libs/granite/ui/components/coral/foundation/contsys,FINAL
/libs/granite/ui/components/coral/foundation/cyclebutton,FINAL
/libs/granite/ui/components/coral/foundation/datasource,INTERNAL
/libs/granite/ui/components/coral/foundation/dialog,FINAL
/libs/granite/ui/components/coral/foundation/docs,INTERNAL
/libs/granite/ui/components/coral/foundation/fixedcolumns,FINAL
/libs/granite/ui/components/coral/foundation/form,FINAL
/libs/granite/ui/components/coral/foundation/form/actionfield,FINAL
/libs/granite/ui/components/coral/foundation/form/advancedselect,FINAL
/libs/granite/ui/components/coral/foundation/form/advancedselect/status,FINAL
/libs/granite/ui/components/coral/foundation/form/autocomplete,FINAL
/libs/granite/ui/components/coral/foundation/form/autocomplete/list,FINAL
/libs/granite/ui/components/coral/foundation/form/autocomplete/readonly,INTERNAL
/libs/granite/ui/components/coral/foundation/form/autocomplete/tags,FINAL
/libs/granite/ui/components/coral/foundation/form/autocomplete/tags/readonly,INTERNAL
/libs/granite/ui/components/coral/foundation/form/buttongroup,FINAL
/libs/granite/ui/components/coral/foundation/form/buttongroup/readonly,INTERNAL
/libs/granite/ui/components/coral/foundation/form/checkbox,FINAL
/libs/granite/ui/components/coral/foundation/form/colorfield,FINAL
/libs/granite/ui/components/coral/foundation/form/datepicker,FINAL
/libs/granite/ui/components/coral/foundation/form/datepicker/readonly,INTERNAL
/libs/granite/ui/components/coral/foundation/form/field,PUBLIC
/libs/granite/ui/components/coral/foundation/form/fieldset,FINAL
/libs/granite/ui/components/coral/foundation/form/fileupload,FINAL
/libs/granite/ui/components/coral/foundation/form/hidden,FINAL
/libs/granite/ui/components/coral/foundation/form/multifield,FINAL
/libs/granite/ui/components/coral/foundation/form/multifield/readonly,INTERNAL
/libs/granite/ui/components/coral/foundation/form/nestedcheckboxlist,FINAL
/libs/granite/ui/components/coral/foundation/form/numberfield,FINAL
/libs/granite/ui/components/coral/foundation/form/password,FINAL
/libs/granite/ui/components/coral/foundation/form/pathbrowser,FINAL
/libs/granite/ui/components/coral/foundation/form/pathbrowser/readonly,INTERNAL
/libs/granite/ui/components/coral/foundation/form/pathfield,FINAL
/libs/granite/ui/components/coral/foundation/form/pathfield/card,INTERNAL
/libs/granite/ui/components/coral/foundation/form/pathfield/columnitem,INTERNAL
/libs/granite/ui/components/coral/foundation/form/pathfield/datasources,INTERNAL
/libs/granite/ui/components/coral/foundation/form/pathfield/suggestion,INTERNAL
/libs/granite/ui/components/coral/foundation/form/radiogroup,FINAL
/libs/granite/ui/components/coral/foundation/form/radiogroup/readonly,INTERNAL
/libs/granite/ui/components/coral/foundation/form/responses,FINAL
/libs/granite/ui/components/coral/foundation/form/responses/openprompt,FINAL
/libs/granite/ui/components/coral/foundation/form/responses/redirect,FINAL
/libs/granite/ui/components/coral/foundation/form/responses/reload,FINAL
/libs/granite/ui/components/coral/foundation/form/select,FINAL
/libs/granite/ui/components/coral/foundation/form/select/readonly,INTERNAL
/libs/granite/ui/components/coral/foundation/form/switch,FINAL
/libs/granite/ui/components/coral/foundation/form/textarea,FINAL
/libs/granite/ui/components/coral/foundation/form/textfield,FINAL
/libs/granite/ui/components/coral/foundation/form/textfield/readonly,INTERNAL
/libs/granite/ui/components/coral/foundation/form/userpicker,FINAL
/libs/granite/ui/components/coral/foundation/form/userpicker/readonly,INTERNAL
/libs/granite/ui/components/coral/foundation/heading,FINAL
/libs/granite/ui/components/coral/foundation/hyperlink,FINAL
/libs/granite/ui/components/coral/foundation/hyperlink/skipnavigationlinks,FINAL
/libs/granite/ui/components/coral/foundation/include,FINAL
/libs/granite/ui/components/coral/foundation/includeclientlibs,FINAL
/libs/granite/ui/components/coral/foundation/includewrapper,INTERNAL
/libs/granite/ui/components/coral/foundation/list,FINAL
/libs/granite/ui/components/coral/foundation/masonry,FINAL
/libs/granite/ui/components/coral/foundation/meta,FINAL
/libs/granite/ui/components/coral/foundation/mode,FINAL
/libs/granite/ui/components/coral/foundation/mode/form,FINAL
/libs/granite/ui/components/coral/foundation/mode/switcher,FINAL
/libs/granite/ui/components/coral/foundation/page,FINAL
/libs/granite/ui/components/coral/foundation/page/body,FINAL
/libs/granite/ui/components/coral/foundation/page/favicon,FINAL
/libs/granite/ui/components/coral/foundation/page/fragment,FINAL
/libs/granite/ui/components/coral/foundation/panel,FINAL
/libs/granite/ui/components/coral/foundation/panel/railpanel,FINAL
/libs/granite/ui/components/coral/foundation/picker,FINAL
/libs/granite/ui/components/coral/foundation/popover,FINAL
/libs/granite/ui/components/coral/foundation/pulldown,FINAL
/libs/granite/ui/components/coral/foundation/querybuilder,FINAL
/libs/granite/ui/components/coral/foundation/querybuilder/datasource,FINAL
/libs/granite/ui/components/coral/foundation/renderconditions,FINAL
/libs/granite/ui/components/coral/foundation/renderconditions/and,FINAL
/libs/granite/ui/components/coral/foundation/renderconditions/feature,FINAL
/libs/granite/ui/components/coral/foundation/renderconditions/not,FINAL
/libs/granite/ui/components/coral/foundation/renderconditions/or,FINAL
/libs/granite/ui/components/coral/foundation/renderconditions/privilege,FINAL
/libs/granite/ui/components/coral/foundation/renderconditions/simple,FINAL
/libs/granite/ui/components/coral/foundation/table,FINAL
/libs/granite/ui/components/coral/foundation/tabs,FINAL
/libs/granite/ui/components/coral/foundation/text,FINAL
/libs/granite/ui/components/coral/foundation/well,FINAL
/libs/granite/ui/components/coral/foundation/wizard,FINAL
/libs/granite/ui/components/coral/foundation/wizard/lazycontainer,FINAL
/libs/granite/ui/components/coral/foundation/wizard/lazystep,FINAL
/libs/granite/ui/components/dumplibs,INTERNAL
/libs/granite/ui/components/endor,FINAL
/libs/granite/ui/components/endor/actionbar,FINAL
/libs/granite/ui/components/endor/actionbar/button,FINAL
/libs/granite/ui/components/endor/actionbar/hyperlink,FINAL
/libs/granite/ui/components/endor/actionbar/innerrailtoggle,INTERNAL
/libs/granite/ui/components/endor/actionbar/pulldownlink,INTERNAL
/libs/granite/ui/components/endor/actionbar/selectionstatus,INTERNAL
/libs/granite/ui/components/endor/clientlibs,INTERNAL
/libs/granite/ui/components/endor/footer,FINAL
/libs/granite/ui/components/endor/layouts,FINAL
/libs/granite/ui/components/endor/layouts/actionbar,FINAL
/libs/granite/ui/components/endor/layouts/breadcrumbs,FINAL
/libs/granite/ui/components/endor/layouts/content,FINAL
/libs/granite/ui/components/endor/layouts/page,FINAL
/libs/granite/ui/components/endor/layouts/sidepanels,FINAL
/libs/granite/ui/components/endor/layouts/sidepanels/panel,FINAL
/libs/granite/ui/components/endor/navcolumns,FINAL
/libs/granite/ui/components/endor/user,FINAL
/libs/granite/ui/components/endor/userproperties,INTERNAL
/libs/granite/ui/components/foundation,FINAL
/libs/granite/ui/components/foundation/admin/contentchecker,FINAL
/libs/granite/ui/components/foundation/admin/layouts,INTERNAL
/libs/granite/ui/components/foundation/admin/layouttoggle,INTERNAL
/libs/granite/ui/components/foundation/admin/page,FINAL
/libs/granite/ui/components/foundation/admin/page/viewport,FINAL
/libs/granite/ui/components/foundation/admin/toolbar,INTERNAL
/libs/granite/ui/components/foundation/authorizable,FINAL
/libs/granite/ui/components/foundation/authorizable/preferencesform,FINAL
/libs/granite/ui/components/foundation/authorizable/selectdatasource,FINAL
/libs/granite/ui/components/foundation/button,FINAL
/libs/granite/ui/components/foundation/clientlibs,INTERNAL
/libs/granite/ui/components/foundation/collection,FINAL
/libs/granite/ui/components/foundation/collection/action,FINAL
/libs/granite/ui/components/foundation/collection/actionlink,FINAL
/libs/granite/ui/components/foundation/container,FINAL
/libs/granite/ui/components/foundation/contsys,INTERNAL
/libs/granite/ui/components/foundation/cyclebuttons,FINAL
/libs/granite/ui/components/foundation/form,FINAL
/libs/granite/ui/components/foundation/form/advancedselect,FINAL
/libs/granite/ui/components/foundation/form/advancedselect/status,FINAL
/libs/granite/ui/components/foundation/form/autocomplete,FINAL
/libs/granite/ui/components/foundation/form/autocomplete/list,FINAL
/libs/granite/ui/components/foundation/form/autocomplete/readonly,INTERNAL
/libs/granite/ui/components/foundation/form/autocomplete/tags,FINAL
/libs/granite/ui/components/foundation/form/autocomplete/tags/readonly,INTERNAL
/libs/granite/ui/components/foundation/form/checkbox,FINAL
/libs/granite/ui/components/foundation/form/colorpicker,FINAL
/libs/granite/ui/components/foundation/form/colorpicker/mappings,INTERNAL
/libs/granite/ui/components/foundation/form/datepicker,FINAL
/libs/granite/ui/components/foundation/form/datepicker/readonly,INTERNAL
/libs/granite/ui/components/foundation/form/decoratedtextfield,INTERNAL
/libs/granite/ui/components/foundation/form/decoratedtextfield/readonly,INTERNAL
/libs/granite/ui/components/foundation/form/field,PUBLIC
/libs/granite/ui/components/foundation/form/fieldset,FINAL
/libs/granite/ui/components/foundation/form/fileupload,FINAL
/libs/granite/ui/components/foundation/form/formbuilder,INTERNAL
/libs/granite/ui/components/foundation/form/hidden,FINAL
/libs/granite/ui/components/foundation/form/inputgroup,INTERNAL
/libs/granite/ui/components/foundation/form/layouts,FINAL
/libs/granite/ui/components/foundation/form/layouts/actionfield,FINAL
/libs/granite/ui/components/foundation/form/multifield,FINAL
/libs/granite/ui/components/foundation/form/multifield/readonly,INTERNAL
/libs/granite/ui/components/foundation/form/nestedcheckboxlist,FINAL
/libs/granite/ui/components/foundation/form/numberfield,FINAL
/libs/granite/ui/components/foundation/form/option,INTERNAL
/libs/granite/ui/components/foundation/form/password,FINAL
/libs/granite/ui/components/foundation/form/pathbrowser,FINAL
/libs/granite/ui/components/foundation/form/pathbrowser/readonly,INTERNAL
/libs/granite/ui/components/foundation/form/radio,FINAL
/libs/granite/ui/components/foundation/form/radiogroup,FINAL
/libs/granite/ui/components/foundation/form/reset,FINAL
/libs/granite/ui/components/foundation/form/searchfield,FINAL
/libs/granite/ui/components/foundation/form/select,FINAL
/libs/granite/ui/components/foundation/form/select/readonly,INTERNAL
/libs/granite/ui/components/foundation/form/selector,FINAL
/libs/granite/ui/components/foundation/form/submit,FINAL
/libs/granite/ui/components/foundation/form/switch,FINAL
/libs/granite/ui/components/foundation/form/taglist,INTERNAL
/libs/granite/ui/components/foundation/form/textarea,FINAL
/libs/granite/ui/components/foundation/form/textfield,FINAL
/libs/granite/ui/components/foundation/form/textfield/readonly,INTERNAL
/libs/granite/ui/components/foundation/form/userpicker,FINAL
/libs/granite/ui/components/foundation/form/userpicker/readonly,INTERNAL
/libs/granite/ui/components/foundation/form/wizard,INTERNAL
/libs/granite/ui/components/foundation/heading,FINAL
/libs/granite/ui/components/foundation/hyperlink,FINAL
/libs/granite/ui/components/foundation/include,FINAL
/libs/granite/ui/components/foundation/includeclientlibs,FINAL
/libs/granite/ui/components/foundation/layouts,FINAL
/libs/granite/ui/components/foundation/layouts/cardview,FINAL
/libs/granite/ui/components/foundation/layouts/collapsible,FINAL
/libs/granite/ui/components/foundation/layouts/columnview,FINAL
/libs/granite/ui/components/foundation/layouts/container,FINAL
/libs/granite/ui/components/foundation/layouts/content,FINAL
/libs/granite/ui/components/foundation/layouts/dialog,FINAL
/libs/granite/ui/components/foundation/layouts/fit,FINAL
/libs/granite/ui/components/foundation/layouts/fixedcolumns,FINAL
/libs/granite/ui/components/foundation/layouts/form,FINAL
/libs/granite/ui/components/foundation/layouts/list,FINAL
/libs/granite/ui/components/foundation/layouts/listview,FINAL
/libs/granite/ui/components/foundation/layouts/modal,FINAL
/libs/granite/ui/components/foundation/layouts/mode,FINAL
/libs/granite/ui/components/foundation/layouts/multilayouts,FINAL
/libs/granite/ui/components/foundation/layouts/popover,FINAL
/libs/granite/ui/components/foundation/layouts/tabs,FINAL
/libs/granite/ui/components/foundation/layouts/well,FINAL
/libs/granite/ui/components/foundation/layouts/wizard,FINAL
/libs/granite/ui/components/foundation/meta,FINAL
/libs/granite/ui/components/foundation/navigation,FINAL
/libs/granite/ui/components/foundation/page,FINAL
/libs/granite/ui/components/foundation/page/body,FINAL
/libs/granite/ui/components/foundation/page/favicon,FINAL
/libs/granite/ui/components/foundation/renderconditions,FINAL
/libs/granite/ui/components/foundation/renderconditions/and,FINAL
/libs/granite/ui/components/foundation/renderconditions/feature,FINAL
/libs/granite/ui/components/foundation/renderconditions/not,FINAL
/libs/granite/ui/components/foundation/renderconditions/or,FINAL
/libs/granite/ui/components/foundation/renderconditions/privilege,FINAL
/libs/granite/ui/components/foundation/renderconditions/simple,FINAL
/libs/granite/ui/components/foundation/section,FINAL
/libs/granite/ui/components/foundation/text,FINAL
/libs/granite/ui/components/foundation/tree,INTERNAL
/libs/granite/ui/components/foundation/well,INTERNAL
/libs/granite/ui/components/legacy,INTERNAL
/libs/granite/ui/components/shell,FINAL
/libs/granite/ui/components/shell/clientlibs,INTERNAL
/libs/granite/ui/components/shell/collectionpage,FINAL
/libs/granite/ui/components/shell/collectionpage/sort,INTERNAL
/libs/granite/ui/components/shell/footer,FINAL
/libs/granite/ui/components/shell/globalnav,INTERNAL
/libs/granite/ui/components/shell/header,INTERNAL
/libs/granite/ui/components/shell/help,FINAL
/libs/granite/ui/components/shell/help/about,INTERNAL
/libs/granite/ui/components/shell/help/item,INTERNAL
/libs/granite/ui/components/shell/help/shortcutsdialog,INTERNAL
/libs/granite/ui/components/shell/omnisearch,INTERNAL
/libs/granite/ui/components/shell/onboarding,INTERNAL
/libs/granite/ui/components/shell/page,FINAL
/libs/granite/ui/components/shell/propertiespage,FINAL
/libs/granite/ui/components/shell/search,FINAL
/libs/granite/ui/components/shell/search/form,FINAL
/libs/granite/ui/components/shell/solutionswitcher,FINAL
/libs/granite/ui/components/shell/title,FINAL
/libs/granite/ui/components/shell/userproperties,FINAL
/libs/granite/ui/content/coral,INTERNAL
/libs/granite/ui/content/dumplibs,INTERNAL
/libs/granite/ui/content/formbuilder,INTERNAL
/libs/granite/ui/content/globalfooter,PUBLIC
/libs/granite/ui/content/globalhead,PUBLIC
/libs/granite/ui/content/shell,INTERNAL
/libs/granite/ui/content/tree,INTERNAL
/libs/granite/ui/content/userpreferences,INTERNAL
/libs/granite/ui/content/userproperties,INTERNAL
/libs/granite/ui/docs,INTERNAL
/libs/granite/ui/global.jsp,FINAL
/libs/granite/ui/htl,INTERNAL
/libs/granite/ui/index.rst,INTERNAL
/libs/granite/ui/nodetypes,INTERNAL
/libs/granite/workflow,INTERNAL
/libs/launches/components/admin/search,INTERNAL
/libs/launches/components/clientlibs,INTERNAL
/libs/launches/components/coral/references/clientlibs/launchreferences,INTERNAL
/libs/launches/components/coral/references/launchcopy,INTERNAL
/libs/launches/components/coral/references/launchsource,INTERNAL
/libs/launches/components/createlaunchwizard/redirect,INTERNAL
/libs/launches/components/edit/childrow,INTERNAL
/libs/launches/components/edit/launchesdatasource,FINAL
/libs/launches/components/launch,INTERNAL
/libs/launches/components/launchesconfig,INTERNAL
/libs/launches/components/launchesdatasource,FINAL
/libs/launches/components/launchproperties/clientlibs,INTERNAL
/libs/launches/components/launchproperties/fieldlabels,INTERNAL
/libs/launches/components/launchproperties/infodetails,INTERNAL
/libs/launches/components/outofscope,INTERNAL
/libs/launches/components/promotelaunchwizard/clientlibs,INTERNAL
/libs/launches/components/promotelaunchwizard/infodetails,INTERNAL
/libs/launches/components/promotelaunchwizard/review,INTERNAL
/libs/launches/components/promotelaunchwizard/settings,INTERNAL
/libs/launches/components/promotelaunchwizard/workflowdatasource,FINAL
/libs/launches/components/references/clientlibs/launchreferences,INTERNAL
/libs/launches/components/references/launchcopy,INTERNAL
/libs/launches/content/admin,INTERNAL
/libs/launches/content/search,INTERNAL
/libs/launches/content/tools,INTERNAL
/libs/launches/templates/outofscope,INTERNAL
/libs/launches/widgets,INTERNAL
/libs/mcm/campaign/clientlibs,INTERNAL
/libs/mcm/campaign/components/campaign,INTERNAL
/libs/mcm/campaign/components/configpage,INTERNAL
/libs/mcm/campaign/components/contexthub,INTERNAL
/libs/mcm/campaign/components/contextstores,INTERNAL
/libs/mcm/campaign/components/parsys,FINAL
/libs/mcm/campaign/components/s7-image/widgets,INTERNAL
/libs/mcm/campaign/components/settings,FINAL
/libs/mcm/campaign/components/status,INTERNAL
/libs/mcm/campaign/components/touch-ui,INTERNAL
/libs/mcm/campaign/contexthub,INTERNAL
/libs/mcm/collab-calendar,INTERNAL
/libs/mcm/components/brandpage,FINAL
/libs/mcm/components/commands/newsletter,INTERNAL
/libs/mcm/components/cta-clickthroughlink/analytics,INTERNAL
/libs/mcm/components/cta-graphicallink/analytics,INTERNAL
/libs/mcm/components/cta-graphicallink/clientlibs,INTERNAL
/libs/mcm/components/emailserviceactions/actions/addSubscriber,FINAL
/libs/mcm/components/emailserviceactions/actions/autoResponder,FINAL
/libs/mcm/components/emailserviceactions/actions/deleteSubscriber,FINAL
/libs/mcm/components/newsletter/emailclient,INTERNAL
/libs/mcm/components/newsletter/flighttest,INTERNAL
/libs/mcm/components/newsletter/page/newsletter,INTERNAL
/libs/mcm/components/newsletter/parsys,FINAL
/libs/mcm/components/newsletter/sendwizard,FINAL
/libs/mcm/components/newsletter/settings,FINAL
/libs/mcm/content,INTERNAL
/libs/mcm/emailservice-clientlib,INTERNAL
/libs/mcm/widgets,INTERNAL
/libs/replication,INTERNAL
/libs/settings/dam/search/catalogs,INTERNAL
/libs/settings/dam/search/collections,INTERNAL
/libs/settings/dam/search/facets/assets,INTERNAL
/libs/settings/dam/search/facets/cfm-model,INTERNAL
/libs/settings/dam/search/facets/snippets,INTERNAL
/libs/settings/dam/search/facets/stock,INTERNAL
/libs/settings/granite/operations,PUBLIC
/libs/settings/granite/operations/diagnosis,PUBLIC
/libs/settings/granite/operations/hc,PUBLIC
/libs/settings/granite/operations/maintenance,PUBLIC
/libs/settings/granite/operations/monitoring,PUBLIC
/libs/settings/workflow/search,INTERNAL
/libs/sightly/js,FINAL
/libs/sightly/js/3rd-party,FINAL
/libs/sightly/js/3rd-party/q.js,FINAL
/libs/tsdk,INTERNAL
/libs/tsdk/handlebars,INTERNAL
/libs/unifiedshell/components,FINAL
/libs/wcm/core/content/editor/jcr:content,INTERNAL
/libs/wcm/core/content/editor/jcr:content/sidepanels/edit/items/tabs/items/remoteassetTab,INTERNAL
/libs/wcm/core/content/editor/jcr:content/sidepanels/plugin/associatedcontent,INTERNAL
/libs/wcm/core/content/editors/workflow,INTERNAL
/libs/wcm/core/i18n,INTERNAL
/libs/wcm/core/i18n/de.json,INTERNAL
/libs/wcm/core/i18n/es.json,INTERNAL
/libs/wcm/core/i18n/fr.json,INTERNAL
/libs/wcm/core/i18n/it.json,INTERNAL
/libs/wcm/core/i18n/ja.json,INTERNAL
/libs/wcm/core/i18n/ko-kr.json,INTERNAL
/libs/wcm/core/i18n/ms-my.json,INTERNAL
/libs/wcm/core/i18n/pt-br.json,INTERNAL
/libs/wcm/core/i18n/zh-cn.json,INTERNAL
/libs/wcm/core/i18n/zh-tw.json,INTERNAL
/libs/wcm/core/i18n/zz-zy.json,INTERNAL
/libs/wcm/designimporter/components/importer,INTERNAL_DEPRECATED_ANNOTATION,Deprecated since 6.5: Should not be used in new projects
/libs/wcm/designimporter/components/importerEx,INTERNAL_DEPRECATED_ANNOTATION,Deprecated since 6.5: Should not be used in new projects
/libs/wcm/designimporter/components/importerpage,INTERNAL_DEPRECATED_ANNOTATION,Deprecated since 6.5: Should not be used in new projects
/libs/wcm/designimporter/components/mobileimporterpage,INTERNAL_DEPRECATED_ANNOTATION,Deprecated since 6.5: Should not be used in new projects
/libs/wcm/designimporter/components/title,INTERNAL_DEPRECATED_ANNOTATION,Deprecated since 6.5: Should not be used in new projects
/libs/wcm/foundation/clientlibs/accessibility,INTERNAL
/libs/wcm/foundation/clientlibs/grid,FINAL
/libs/wcm/foundation/clientlibs/main,INTERNAL
/libs/wcm/foundation/components/image,INTERNAL_DEPRECATED_ANNOTATION,Deprecated since 6.5: Should not be used in new projects; a Core Components alternative is available
/libs/wcm/foundation/components/list,INTERNAL_DEPRECATED_ANNOTATION,Deprecated since 6.5: Should not be used in new projects; a Core Components alternative is available
/libs/wcm/foundation/components/page,INTERNAL_DEPRECATED_ANNOTATION,Deprecated since 6.5: Should not be used in new projects; a Core Components alternative is available
/libs/wcm/foundation/components/text,INTERNAL_DEPRECATED_ANNOTATION,Deprecated since 6.5: Should not be used in new projects; a Core Components alternative is available
/libs/wcm/foundation/components/textimage,INTERNAL_DEPRECATED_ANNOTATION,Deprecated since 6.5: Should not be used in new projects; a Core Components alternative is available
/libs/wcm/foundation/components/title,INTERNAL_DEPRECATED_ANNOTATION,Deprecated since 6.5: Should not be used in new projects; a Core Components alternative is available
/libs/wcm/foundation/components/utils,FINAL
/libs/wcm/msm/gui/components/renderconditions,FINAL
/libs/workflow/scripts/InboxRequestAssignee.ecma/jcr:content,FINAL
/libs/workflow/scripts/dam,INTERNAL
/libs/workflow/scripts/delete.ecma/jcr:content,FINAL
/libs/workflow/scripts/initiator-participant-chooser.ecma/jcr:content,FINAL
/libs/workflow/scripts/noop.ecma/jcr:content,FINAL
/libs/workflow/scripts/projects,INTERNAL
/libs/workflow/scripts/rule-false.ecma/jcr:content,FINAL
/libs/workflow/scripts/sample.ecma/jcr:content,FINAL
